127.0.0.1 - - [11/Dec/2022:12:48:14 +0900] "GET / HTTP/1.1" 404 807
0:0:0:0:0:0:0:1 - - [11/Dec/2022:12:48:19 +0900] "GET /ex02/ex/basic HTTP/1.1" 404 830
0:0:0:0:0:0:0:1 - - [11/Dec/2022:12:48:19 +0900] "GET /favicon.ico HTTP/1.1" 404 818
127.0.0.1 - - [11/Dec/2022:12:50:57 +0900] "GET / HTTP/1.1" 404 807
0:0:0:0:0:0:0:1 - - [11/Dec/2022:12:50:59 +0900] "GET /ex02/ex/ HTTP/1.1" 404 820
127.0.0.1 - - [11/Dec/2022:12:53:12 +0900] "GET / HTTP/1.1" 404 807
0:0:0:0:0:0:0:1 - - [11/Dec/2022:12:53:16 +0900] "GET /ex02/ex/basicOnlyGet HTTP/1.1" 404 837
127.0.0.1 - - [11/Dec/2022:13:00:54 +0900] "GET / HTTP/1.1" 404 807
0:0:0:0:0:0:0:1 - - [11/Dec/2022:13:00:55 +0900] "GET /ex02/ex/ex01 HTTP/1.1" 500 4138
0:0:0:0:0:0:0:1 - - [11/Dec/2022:13:01:15 +0900] "GET /ex02/ex/ex01?name=psm&age=20 HTTP/1.1" 404 829
127.0.0.1 - - [11/Dec/2022:13:05:29 +0900] "GET / HTTP/1.1" 404 807
0:0:0:0:0:0:0:1 - - [11/Dec/2022:13:05:32 +0900] "GET /ex02/ex/ex01?name=psm&age=20 HTTP/1.1" 404 829
127.0.0.1 - - [11/Dec/2022:13:10:30 +0900] "GET / HTTP/1.1" 404 807
0:0:0:0:0:0:0:1 - - [11/Dec/2022:13:10:32 +0900] "GET /ex02/ex/ex02?data1=psm&data2=20 HTTP/1.1" 404 829
127.0.0.1 - - [11/Dec/2022:13:14:03 +0900] "GET / HTTP/1.1" 404 807
0:0:0:0:0:0:0:1 - - [11/Dec/2022:13:14:05 +0900] "GET /ex02/ex/ex02?data1=psm&data2=20 HTTP/1.1" 404 829
0:0:0:0:0:0:0:1 - - [11/Dec/2022:13:14:44 +0900] "GET /ex02/ex/ex02?data1=psm&data2=20 HTTP/1.1" 404 829
127.0.0.1 - - [11/Dec/2022:13:16:29 +0900] "GET / HTTP/1.1" 404 807
0:0:0:0:0:0:0:1 - - [11/Dec/2022:13:16:33 +0900] "GET /ex02/ex/ex02?data1=psm&data2=20 HTTP/1.1" 404 829
0:0:0:0:0:0:0:1 - - [11/Dec/2022:13:16:33 +0900] "GET /favicon.ico HTTP/1.1" 404 818
127.0.0.1 - - [11/Dec/2022:13:17:46 +0900] "GET / HTTP/1.1" 404 807
0:0:0:0:0:0:0:1 - - [11/Dec/2022:13:17:51 +0900] "GET /ex02/ex/ex02?data1=psm&data2=20 HTTP/1.1" 200 113
127.0.0.1 - - [11/Dec/2022:13:18:52 +0900] "GET / HTTP/1.1" 404 807
0:0:0:0:0:0:0:1 - - [11/Dec/2022:13:19:00 +0900] "GET /ex02/ex/ex02?data1=psm&data2=20 HTTP/1.1" 200 113
127.0.0.1 - - [11/Dec/2022:13:23:45 +0900] "GET / HTTP/1.1" 404 807
0:0:0:0:0:0:0:1 - - [11/Dec/2022:13:24:07 +0900] "GET /ex02/ex/ex03?data=1&data=2&data=5 HTTP/1.1" 404 822
127.0.0.1 - - [11/Dec/2022:15:10:18 +0900] "GET / HTTP/1.1" 404 807
0:0:0:0:0:0:0:1 - - [11/Dec/2022:15:11:23 +0900] "GET /ex02/ex/ex04 HTTP/1.1" 404 822
0:0:0:0:0:0:0:1 - - [11/Dec/2022:15:11:23 +0900] "GET /favicon.ico HTTP/1.1" 404 818
0:0:0:0:0:0:0:1 - - [11/Dec/2022:15:11:55 +0900] "GET /ex02/ex/ex04?name=%EB%B0%95%EC%84%B1%EB%AF%BC&age=27 HTTP/1.1" 404 822
127.0.0.1 - - [11/Dec/2022:15:18:34 +0900] "GET / HTTP/1.1" 404 807
0:0:0:0:0:0:0:1 - - [11/Dec/2022:15:18:47 +0900] "GET /ex02/ex/ex04?name=%EB%B0%95%EC%84%B1%EB%AF%BC&age=27 HTTP/1.1" 200 151
127.0.0.1 - - [11/Dec/2022:15:19:43 +0900] "GET / HTTP/1.1" 404 807
0:0:0:0:0:0:0:1 - - [11/Dec/2022:15:19:47 +0900] "GET /ex02/ex/ex04?name=%EB%B0%95%EC%84%B1%EB%AF%BC&age=27 HTTP/1.1" 200 162
127.0.0.1 - - [11/Dec/2022:15:20:39 +0900] "GET / HTTP/1.1" 404 807
0:0:0:0:0:0:0:1 - - [11/Dec/2022:15:20:45 +0900] "GET /ex02/ex/ex04?name=%EB%B0%95%EC%84%B1%EB%AF%BC&age=27 HTTP/1.1" 200 151
0:0:0:0:0:0:0:1 - - [11/Dec/2022:15:21:03 +0900] "GET /ex02/ex/ex04?name=%EB%B0%95%EC%84%B1%EB%AF%BC&age=27 HTTP/1.1" 200 162
0:0:0:0:0:0:0:1 - - [11/Dec/2022:15:22:47 +0900] "GET /ex02/ex/ex04?name=%EB%B0%95%EC%84%B1%EB%AF%BC&age=27 HTTP/1.1" 200 426
0:0:0:0:0:0:0:1 - - [11/Dec/2022:15:22:56 +0900] "GET /ex02/ex/ex04?name=%EB%B0%95%EC%84%B1%EB%AF%BC&age=27 HTTP/1.1" 200 425
0:0:0:0:0:0:0:1 - - [11/Dec/2022:15:23:42 +0900] "GET /ex02/ex/ex04?name=%EB%B0%95%EC%84%B1%EB%AF%BC&age=27 HTTP/1.1" 200 553
0:0:0:0:0:0:0:1 - - [11/Dec/2022:15:25:29 +0900] "GET /ex02/ex/ex04?name=%EB%B0%95%EC%84%B1%EB%AF%BC&age=27 HTTP/1.1" 404 721
0:0:0:0:0:0:0:1 - - [11/Dec/2022:15:25:31 +0900] "GET /ex02/ex/ex04?name=%EB%B0%95%EC%84%B1%EB%AF%BC&age=27 HTTP/1.1" 404 721
0:0:0:0:0:0:0:1 - - [11/Dec/2022:15:25:38 +0900] "GET /ex02/ex/ex04?name=%EB%B0%95%EC%84%B1%EB%AF%BC&age=27 HTTP/1.1" 404 721
127.0.0.1 - - [11/Dec/2022:15:25:54 +0900] "GET / HTTP/1.1" 404 807
0:0:0:0:0:0:0:1 - - [11/Dec/2022:15:26:00 +0900] "GET /ex02/ex/ex04?name=%EB%B0%95%EC%84%B1%EB%AF%BC&age=27 HTTP/1.1" 200 700
0:0:0:0:0:0:0:1 - - [11/Dec/2022:15:27:31 +0900] "GET /ex02/ex/ex04?name=%EB%B0%95%EC%84%B1%EB%AF%BC&age=27 HTTP/1.1" 200 860
0:0:0:0:0:0:0:1 - - [11/Dec/2022:15:28:57 +0900] "GET /ex02/ex/ex04?name=%EB%B0%95%EC%84%B1%EB%AF%BC&age=27 HTTP/1.1" 404 721
127.0.0.1 - - [11/Dec/2022:15:29:13 +0900] "GET / HTTP/1.1" 404 807
0:0:0:0:0:0:0:1 - - [11/Dec/2022:15:29:17 +0900] "GET /ex02/ex/ex04?name=%EB%B0%95%EC%84%B1%EB%AF%BC&age=27 HTTP/1.1" 200 915
127.0.0.1 - - [11/Dec/2022:15:35:44 +0900] "GET / HTTP/1.1" 404 807
0:0:0:0:0:0:0:1 - - [11/Dec/2022:15:35:53 +0900] "GET /ex02/ex/ex05?name=%EB%B0%95%EC%84%B1%EB%AF%BC&age=27&gender=M HTTP/1.1" 200 182
127.0.0.1 - - [11/Dec/2022:15:38:12 +0900] "GET / HTTP/1.1" 404 807
0:0:0:0:0:0:0:1 - - [11/Dec/2022:15:38:17 +0900] "GET /ex02/ex/ex05?name=%EB%B0%95%EC%84%B1%EB%AF%BC&age=27&gender=M HTTP/1.1" 200 182
127.0.0.1 - - [11/Dec/2022:15:42:35 +0900] "GET / HTTP/1.1" 404 807
0:0:0:0:0:0:0:1 - - [11/Dec/2022:15:42:39 +0900] "GET /ex02/ex/ex06?name=%EB%B0%95%EC%84%B1%EB%AF%BC&age=27&gender=M HTTP/1.1" 200 182
127.0.0.1 - - [11/Dec/2022:18:24:14 +0900] "GET / HTTP/1.1" 404 807
0:0:0:0:0:0:0:1 - - [11/Dec/2022:18:24:59 +0900] "GET /ex02/student/score?num=1&kor=50&eng=77&math=91 HTTP/1.1" 400 928
0:0:0:0:0:0:0:1 - - [11/Dec/2022:18:25:00 +0900] "GET /favicon.ico HTTP/1.1" 404 818
0:0:0:0:0:0:0:1 - - [11/Dec/2022:18:27:14 +0900] "GET /ex02/ex01 HTTP/1.1" 404 721
0:0:0:0:0:0:0:1 - - [11/Dec/2022:18:27:32 +0900] "GET /ex02/ex/ex03 HTTP/1.1" 400 925
0:0:0:0:0:0:0:1 - - [11/Dec/2022:18:27:45 +0900] "GET /ex02/ex/ex06 HTTP/1.1" 200 171
0:0:0:0:0:0:0:1 - - [11/Dec/2022:18:28:28 +0900] "GET /ex02/student/score?num=1&kor=50&eng=77&math=91 HTTP/1.1" 400 928
127.0.0.1 - - [11/Dec/2022:18:29:57 +0900] "GET / HTTP/1.1" 404 807
0:0:0:0:0:0:0:1 - - [11/Dec/2022:18:30:13 +0900] "GET /ex02/student/score?num=1&kor=50&eng=77&math=91 HTTP/1.1" 200 393
0:0:0:0:0:0:0:1 - - [11/Dec/2022:18:31:22 +0900] "GET /ex02/student/score?num=1&kor=50&eng=77&math=91 HTTP/1.1" 200 393
0:0:0:0:0:0:0:1 - - [11/Dec/2022:18:31:37 +0900] "GET /ex02/student/score?num=1&kor=50&eng=77&math=91 HTTP/1.1" 200 393
0:0:0:0:0:0:0:1 - - [11/Dec/2022:18:31:48 +0900] "GET /ex02/student/score?num=1&kor=50&eng=77&math=91 HTTP/1.1" 200 381
0:0:0:0:0:0:0:1 - - [11/Dec/2022:18:32:17 +0900] "GET /ex02/student/score?num=1&kor=50&eng=77&math=91 HTTP/1.1" 200 393
0:0:0:0:0:0:0:1 - - [11/Dec/2022:18:32:41 +0900] "GET /ex02/student/score?num=1&kor=50&eng=77&math=91 HTTP/1.1" 500 4151
0:0:0:0:0:0:0:1 - - [11/Dec/2022:18:32:58 +0900] "GET /ex02/student/score?num=1&kor=50&eng=77&math=91 HTTP/1.1" 500 4143
0:0:0:0:0:0:0:1 - - [11/Dec/2022:18:33:07 +0900] "GET /ex02/student/score?num=1&kor=50&eng=77&math=91 HTTP/1.1" 200 393
0:0:0:0:0:0:0:1 - - [11/Dec/2022:18:34:04 +0900] "GET /ex02/student/score?num=1&kor=50&eng=77&math=91 HTTP/1.1" 200 393
0:0:0:0:0:0:0:1 - - [11/Dec/2022:18:34:26 +0900] "GET /ex02/student/score?num=1&kor=50&eng=77&math=91 HTTP/1.1" 500 4119
0:0:0:0:0:0:0:1 - - [11/Dec/2022:18:34:42 +0900] "GET /ex02/student/score?num=1&kor=50&eng=77&math=91 HTTP/1.1" 200 393
127.0.0.1 - - [11/Dec/2022:19:19:14 +0900] "GET / HTTP/1.1" 404 807
0:0:0:0:0:0:0:1 - - [11/Dec/2022:19:19:36 +0900] "GET /ex02/member?id=admin&pw=admin HTTP/1.1" 200 171
127.0.0.1 - - [11/Dec/2022:19:20:29 +0900] "GET / HTTP/1.1" 404 807
0:0:0:0:0:0:0:1 - - [11/Dec/2022:19:20:33 +0900] "GET /ex02/member?id=admin&pw=admin HTTP/1.1" 200 171
127.0.0.1 - - [11/Dec/2022:19:21:19 +0900] "GET / HTTP/1.1" 404 807
0:0:0:0:0:0:0:1 - - [11/Dec/2022:19:21:24 +0900] "GET /ex02/member?id=admin&pw=admin HTTP/1.1" 200 160
127.0.0.1 - - [11/Dec/2022:19:22:04 +0900] "GET / HTTP/1.1" 404 807
0:0:0:0:0:0:0:1 - - [11/Dec/2022:19:22:09 +0900] "GET /ex02/member?id=admin&pw=admin HTTP/1.1" 200 163
0:0:0:0:0:0:0:1 - - [11/Dec/2022:19:22:15 +0900] "GET /ex02/member?id=admin1&pw=admin1 HTTP/1.1" 200 161
0:0:0:0:0:0:0:1 - - [11/Dec/2022:19:22:18 +0900] "GET /ex02/member?id=admin1&pw=admin2 HTTP/1.1" 200 172
127.0.0.1 - - [11/Dec/2022:19:25:31 +0900] "GET / HTTP/1.1" 404 807
0:0:0:0:0:0:0:1 - - [11/Dec/2022:19:25:34 +0900] "GET /ex02/member?id=admin1&pw=admin2 HTTP/1.1" 405 801
0:0:0:0:0:0:0:1 - - [11/Dec/2022:19:25:54 +0900] "GET /ex02/member?id=admin1&pw=admin2 HTTP/1.1" 405 801
127.0.0.1 - - [11/Dec/2022:19:27:26 +0900] "GET / HTTP/1.1" 404 807
0:0:0:0:0:0:0:1 - - [11/Dec/2022:19:27:41 +0900] "GET /ex02/member?id=admin&pw=admin HTTP/1.1" 200 163
0:0:0:0:0:0:0:1 - - [11/Dec/2022:19:27:41 +0900] "GET /favicon.ico HTTP/1.1" 404 818
